I'm sorry, but errors were detected in your script. Please correct the
errors listed below, and try again.


File "game/script.rpy", line 63: expected ':' not found.
    else
        ^

Ren'Py Version: Ren'Py 6.99.3.404
